// Jest Snapshot v1, https://goo.gl/fbAQLP

exports[`SearchBar renders 1`] = `
<form>
  <div>
    <input
      className="search"
      onChange={[Function]}
      placeholder="Company Name"
      type="text"
      value=""
    />
    <input
      className="date"
      onChange={[Function]}
      type="date"
      value="2021-08-04"
    />
    <input
      className="date"
      onChange={[Function]}
      type="date"
      value="2021-08-04"
    />
    <a
      href="/search?q=&startDate=2021-08-04&endDate=2021-08-04"
      onClick={[Function]}
    >
      <button
        className="bar_button"
        type="submit"
      >
        SEARCH
      </button>
    </a>
  </div>
</form>
`;
